[     222ms] [ERROR] Failed to load resource: the server responded with a status of 404 () @ https://fastly.picsum.photos/favicon.ico:0
[  360596ms] [ERROR] Refused to get unsafe header "X-Sg-Cs" @ https://www.google.com/search?q=youtube+shorts&oq=youtube+shorts&gs_lcrp=EgZjaHJvbWUyDAgAEEUYORixAxiABDIKCAEQABixAxiABDIKCAIQABixAxiABDIHCAMQABiABDIKCAQQABixAxiABDIHCAUQABiABDIHCAYQABiABDIHCAcQABiABDIHCAgQABiABNIBCDE3OTBqMGo0qAIAsAIA&sourceid=chrome&ie=UTF-8:21
[  360596ms] [ERROR] Refused to get unsafe header "X-Sorry-Redirect" @ https://www.google.com/search?q=youtube+shorts&oq=youtube+shorts&gs_lcrp=EgZjaHJvbWUyDAgAEEUYORixAxiABDIKCAEQABixAxiABDIKCAIQABixAxiABDIHCAMQABiABDIKCAQQABixAxiABDIHCAUQABiABDIHCAYQABiABDIHCAcQABiABDIHCAgQABiABNIBCDE3OTBqMGo0qAIAsAIA&sourceid=chrome&ie=UTF-8:21
[  361381ms] [ERROR] Refused to get unsafe header "X-Sg-Cs" @ https://www.google.com/search?q=youtube+shorts&oq=youtube+shorts&gs_lcrp=EgZjaHJvbWUyDAgAEEUYORixAxiABDIKCAEQABixAxiABDIKCAIQABixAxiABDIHCAMQABiABDIKCAQQABixAxiABDIHCAUQABiABDIHCAYQABiABDIHCAcQABiABDIHCAgQABiABNIBCDE3OTBqMGo0qAIAsAIA&sourceid=chrome&ie=UTF-8:21
[  361381ms] [ERROR] Refused to get unsafe header "X-Sorry-Redirect" @ https://www.google.com/search?q=youtube+shorts&oq=youtube+shorts&gs_lcrp=EgZjaHJvbWUyDAgAEEUYORixAxiABDIKCAEQABixAxiABDIKCAIQABixAxiABDIHCAMQABiABDIKCAQQABixAxiABDIHCAUQABiABDIHCAYQABiABDIHCAcQABiABDIHCAgQABiABNIBCDE3OTBqMGo0qAIAsAIA&sourceid=chrome&ie=UTF-8:21
[  364363ms] [INFO] LegacyDataMixin will be applied to all legacy elements.
Set `_legacyUndefinedCheck: true` on element class to enable. @ https://www.youtube.com/s/_/ytmainappweb/_/js/k=ytmainappweb.kevlar_base_cow_tracing.en_US._92-dncOIS4.es5.O/am=AAAAIAAAAgk/d=1/br=1/rs=AGKMywHZJlAkfd1-WnbRfNWtbBzsVZQ_SA/m=kevlar_base_module,kevlar_main_module,kevlar_base_cow_tracing_sync_mod_chunk:9798
[  364422ms] [ERROR] Failed to load resource: the server responded with a status of 403 () @ https://accounts.google.com/v3/signin/identifier?continue=https%3A%2F%2Fwww.youtube.com%2Fsignin%3Faction_handle_signin%3Dtrue%26app%3Ddesktop%26hl%3Den%26next%3D%252Fsignin_passive%26feature%3Dpassive&dsh=S-1692434934%3A1778160674111699&hl=en&passive=true&service=youtube&uilel=3&flowName=GlifWebSignIn&flowEntry=ServiceLogin&ifkv=AWa2PavudG86j3Az1Ee_eBDx77wKHrmsLTGMVAWMpGQzIrT9V7tLcuovnFNcd82Gp_PaLbV9SEl4:0
[  366195ms] [INFO] Banner not shown: beforeinstallpromptevent.preventDefault() called. The page must call beforeinstallpromptevent.prompt() to show the banner. @ https://www.youtube.com/shorts/H8HPYCSyxT0:0
[  376115ms] [WARNING] The resource https://i.ytimg.com/generate_204 was preloaded using link preload but not used within a few seconds from the window's load event. Please make sure it has an appropriate `as` value and it is preloaded intentionally. @ https://www.youtube.com/shorts/F_1ZFblYT_c:0
[  378782ms] [ERROR] requestStorageAccessFor: Permission denied. @ https://www.youtube.com/shorts/F_1ZFblYT_c:0
[  378783ms] [ERROR] requestStorageAccessFor: Permission denied. @ https://www.youtube.com/shorts/F_1ZFblYT_c:0
[  378783ms] [ERROR] requestStorageAccessFor: Permission denied. @ https://www.youtube.com/shorts/F_1ZFblYT_c:0
[  383853ms] [WARNING] The resource https://i.ytimg.com/generate_204 was preloaded using link preload but not used within a few seconds from the window's load event. Please make sure it has an appropriate `as` value and it is preloaded intentionally. @ https://www.youtube.com/shorts/7ZCRBMlX9OY:0
[  388318ms] [WARNING] The resource https://i.ytimg.com/generate_204 was preloaded using link preload but not used within a few seconds from the window's load event. Please make sure it has an appropriate `as` value and it is preloaded intentionally. @ https://www.youtube.com/shorts/tDeGkWrkOOo:0
[  393393ms] [WARNING] The resource https://i.ytimg.com/generate_204 was preloaded using link preload but not used within a few seconds from the window's load event. Please make sure it has an appropriate `as` value and it is preloaded intentionally. @ https://www.youtube.com/shorts/tDeGkWrkOOo:0
[  403319ms] [WARNING] The resource https://i.ytimg.com/generate_204 was preloaded using link preload but not used within a few seconds from the window's load event. Please make sure it has an appropriate `as` value and it is preloaded intentionally. @ https://www.youtube.com/shorts/tDeGkWrkOOo:0
[  413390ms] [WARNING] The resource https://i.ytimg.com/generate_204 was preloaded using link preload but not used within a few seconds from the window's load event. Please make sure it has an appropriate `as` value and it is preloaded intentionally. @ https://www.youtube.com/shorts/tDeGkWrkOOo:0
[  433299ms] [WARNING] The resource https://i.ytimg.com/generate_204 was preloaded using link preload but not used within a few seconds from the window's load event. Please make sure it has an appropriate `as` value and it is preloaded intentionally. @ https://www.youtube.com/shorts/tDeGkWrkOOo:0
[  452317ms] [WARNING] The resource https://i.ytimg.com/generate_204 was preloaded using link preload but not used within a few seconds from the window's load event. Please make sure it has an appropriate `as` value and it is preloaded intentionally. @ https://www.youtube.com/shorts/tDeGkWrkOOo:0
[  463330ms] [WARNING] The resource https://i.ytimg.com/generate_204 was preloaded using link preload but not used within a few seconds from the window's load event. Please make sure it has an appropriate `as` value and it is preloaded intentionally. @ https://www.youtube.com/shorts/tDeGkWrkOOo:0
[  483330ms] [WARNING] The resource https://i.ytimg.com/generate_204 was preloaded using link preload but not used within a few seconds from the window's load event. Please make sure it has an appropriate `as` value and it is preloaded intentionally. @ https://www.youtube.com/shorts/tDeGkWrkOOo:0
[  492735ms] [WARNING] The resource https://i.ytimg.com/generate_204 was preloaded using link preload but not used within a few seconds from the window's load event. Please make sure it has an appropriate `as` value and it is preloaded intentionally. @ https://www.youtube.com/shorts/tDeGkWrkOOo:0
[  503320ms] [WARNING] The resource https://i.ytimg.com/generate_204 was preloaded using link preload but not used within a few seconds from the window's load event. Please make sure it has an appropriate `as` value and it is preloaded intentionally. @ https://www.youtube.com/shorts/tDeGkWrkOOo:0
[  507007ms] [WARNING] The resource https://i.ytimg.com/generate_204 was preloaded using link preload but not used within a few seconds from the window's load event. Please make sure it has an appropriate `as` value and it is preloaded intentionally. @ https://www.youtube.com/shorts/tDeGkWrkOOo:0
[  523308ms] [WARNING] The resource https://i.ytimg.com/generate_204 was preloaded using link preload but not used within a few seconds from the window's load event. Please make sure it has an appropriate `as` value and it is preloaded intentionally. @ https://www.youtube.com/shorts/tDeGkWrkOOo:0
[  527608ms] [WARNING] The resource https://i.ytimg.com/generate_204 was preloaded using link preload but not used within a few seconds from the window's load event. Please make sure it has an appropriate `as` value and it is preloaded intentionally. @ https://www.youtube.com/shorts/tDeGkWrkOOo:0
[  532354ms] [WARNING] The resource https://i.ytimg.com/generate_204 was preloaded using link preload but not used within a few seconds from the window's load event. Please make sure it has an appropriate `as` value and it is preloaded intentionally. @ https://www.youtube.com/shorts/tDeGkWrkOOo:0
[  543325ms] [WARNING] The resource https://i.ytimg.com/generate_204 was preloaded using link preload but not used within a few seconds from the window's load event. Please make sure it has an appropriate `as` value and it is preloaded intentionally. @ https://www.youtube.com/shorts/tDeGkWrkOOo:0
[  553316ms] [WARNING] The resource https://i.ytimg.com/generate_204 was preloaded using link preload but not used within a few seconds from the window's load event. Please make sure it has an appropriate `as` value and it is preloaded intentionally. @ https://www.youtube.com/shorts/tDeGkWrkOOo:0
[  573317ms] [WARNING] The resource https://i.ytimg.com/generate_204 was preloaded using link preload but not used within a few seconds from the window's load event. Please make sure it has an appropriate `as` value and it is preloaded intentionally. @ https://www.youtube.com/shorts/tDeGkWrkOOo:0
[  593350ms] [WARNING] The resource https://i.ytimg.com/generate_204 was preloaded using link preload but not used within a few seconds from the window's load event. Please make sure it has an appropriate `as` value and it is preloaded intentionally. @ https://www.youtube.com/shorts/tDeGkWrkOOo:0
[  614733ms] [WARNING] The resource https://i.ytimg.com/generate_204 was preloaded using link preload but not used within a few seconds from the window's load event. Please make sure it has an appropriate `as` value and it is preloaded intentionally. @ https://www.youtube.com/shorts/tDeGkWrkOOo:0
