[      11ms] [WARNING] PM_Config is not defined yet. @ https://www.deccanherald.com/:93
[     112ms] [LOG] BasicSubscriptions Runtime: 1.0.147 @ https://news.google.com/swg/js/v1/swg-basic.js:0
[     609ms] [LOG] 🔍 [DataLayer] Received pageType: home-page @ https://fea.assettype.com/deccanherald/assets/app-d975b8662d88e24395cb.js:1
[     784ms] [WARNING] [GPT] Slot.setTargeting is deprecated, use Slot.setConfig({targeting: ...}) instead.
https://goo.gle/gpt-message#171 @ https://securepubads.g.doubleclick.net/pagead/managed/js/gpt/m202604300101/pubads_impl.js:18
[     785ms] [WARNING] [GPT] PubAdsService.enableSingleRequest is deprecated, use googletag.setConfig({singleRequest: ...}) instead.
https://goo.gle/gpt-message#170 @ https://securepubads.g.doubleclick.net/pagead/managed/js/gpt/m202604300101/pubads_impl.js:18
[     785ms] [WARNING] [GPT] Ignoring the setConfig.singleRequest() call since the service is already enabled.
https://goo.gle/gpt-message#60 @ https://securepubads.g.doubleclick.net/pagead/managed/js/gpt/m202604300101/pubads_impl.js:18
[     787ms] [ERROR] [GPT] Error in googletag.defineSlot: Cannot create slot 1013527/DH_Desktop_Interstitial. Div element "div-gpt-ad-1680157592679-0" is already associated with another slot: 1013527/DH_Desktop_Interstitial.
https://goo.gle/gpt-message#28 @ https://securepubads.g.doubleclick.net/pagead/managed/js/gpt/m202604300101/pubads_impl.js:18
[     787ms] [WARNING] [GPT] Ignoring the setConfig.singleRequest() call since the service is already enabled.
https://goo.gle/gpt-message#60 @ https://securepubads.g.doubleclick.net/pagead/managed/js/gpt/m202604300101/pubads_impl.js:18
[     788ms] [WARNING] [GPT] Ignoring the setConfig.singleRequest() call since the service is already enabled.
https://goo.gle/gpt-message#60 @ https://securepubads.g.doubleclick.net/pagead/managed/js/gpt/m202604300101/pubads_impl.js:18
[     859ms] [WARNING] adgb - not initialized. @ https://cdn.taboola.com/libtrc/deccanherald-deccanherald/loader.js:0
[     906ms] [ERROR] Not signed in with the identity provider. @ https://www.deccanherald.com/:0
[    1048ms] [INFO] page info injected RTUS service @ https://cdn.taboola.com/libtrc/deccanherald-deccanherald/loader.js:0
[    1208ms] [ERROR] Failed to load resource: net::ERR_CERT_AUTHORITY_INVALID @ https://prod-analytics.qlitics.com/api/device-tracker-id:0
[    1225ms] [INFO] Consent check success {cm: 0} @ https://cdn.taboola.com/libtrc/deccanherald-deccanherald/loader.js:0
[    1265ms] [WARNING] Google Deploy of the SharedId library has been deprecated. Please select another option in the GAM UI. If you use Prebid, we suggest the Prebid.js UserId option. If you do not, you may configure GAM to allow Google to share a first party user identifier with OB and AB participants, which is either the publisherProvidedId or the __gads value when that is missing. @ https://cdn.jsdelivr.net/gh/prebid/shared-id/pubcid.js/docs/pubcid.min.js:0
[    1271ms] [WARNING] [GPT] Using deprecated googletag.encryptedSignalProviders. Please use googletag.secureSignalProviders instead.
https://goo.gle/gpt-message#155 @ https://securepubads.g.doubleclick.net/pagead/managed/js/gpt/m202604300101/pubads_impl.js:18
[    1278ms] [WARNING] [GPT] Using deprecated googletag.encryptedSignalProviders. Please use googletag.secureSignalProviders instead.
https://goo.gle/gpt-message#155 @ https://securepubads.g.doubleclick.net/pagead/managed/js/gpt/m202604300101/pubads_impl.js:18
[    1415ms] [WARNING] [GPT] Using deprecated googletag.encryptedSignalProviders. Please use googletag.secureSignalProviders instead.
https://goo.gle/gpt-message#155 @ https://securepubads.g.doubleclick.net/pagead/managed/js/gpt/m202604300101/pubads_impl.js:18
[    1682ms] [INFO] Powered by AMP ⚡ HTML – Version 2603032146000 https://www.deccanherald.com/ @ https://cdn.ampproject.org/rtv/012603032146000/amp4ads-v0.mjs:1
[    1982ms] [LOG] CLVR: v2.58.3 @ https://scripts.cleverwebserver.com/44c3ccfa8ea8125aed102351916738d1.js:0
[    1983ms] [LOG] CLVR: 100507 @ https://scripts.cleverwebserver.com/44c3ccfa8ea8125aed102351916738d1.js:0
[    1983ms] [LOG] CLVR: 2026-02-25 09:58:05 @ https://scripts.cleverwebserver.com/44c3ccfa8ea8125aed102351916738d1.js:0
[    2059ms] [LOG] CLVR: UI Loaded @ https://scripts.cleverwebserver.com/44c3ccfa8ea8125aed102351916738d1.js:0
[    2061ms] [LOG] CLVR: Format Cube found @ https://scripts.cleverwebserver.com/44c3ccfa8ea8125aed102351916738d1.js:0
[    2436ms] [LOG] CLVR: Garbage: SafeFrame Protection - 100507 @ https://scripts.cleverwebserver.com/44c3ccfa8ea8125aed102351916738d1.js:0
[    2753ms] [ERROR] Attestation check for Shared Storage on https://www.googleadservices.com failed. @ https://www.googleadservices.com/pagead/managed/js/activeview/current/reach_worklet.html:0
[    2824ms] [INFO] FPO completed running @ https://cdn.taboola.com/libtrc/deccanherald-deccanherald/loader.js:0
[    3248ms] [ERROR] Failed to load resource: net::ERR_CERT_AUTHORITY_INVALID @ https://prod-analytics.qlitics.com/api/device-tracker-id:0
[    5274ms] [LOG] Couldn't set device-tracker-id on current domain @ https://www.deccanherald.com/qlitics.js:0
[    5274ms] [ERROR] Failed to load resource: net::ERR_CERT_AUTHORITY_INVALID @ https://prod-analytics.qlitics.com/api/device-tracker-id:0
[    2753ms] [ERROR] Attestation check for Shared Storage on https://www.googleadservices.com failed. @ https://www.googleadservices.com/pagead/managed/js/activeview/current/reach_worklet.html:0
[   10327ms] [ERROR] Attestation check for Shared Storage on https://www.googleadservices.com failed. @ https://www.googleadservices.com/pagead/managed/js/activeview/current/reach_worklet.html:0
[   10794ms] [ERROR] Attestation check for Attribution Reporting on https://ad.doubleclick.net failed. @ https://www.deccanherald.com/:0
[   10827ms] [ERROR] Attestation check for Attribution Reporting on https://ad.doubleclick.net failed. @ https://www.deccanherald.com/:0
[   11343ms] [ERROR] [GSI_LOGGER]: FedCM get() rejects with NetworkError: Error retrieving a token. @ https://accounts.google.com/gsi/client:85
